node.exe : npm notice run fathom-clone@0.1.0 npx
At line:1 char:1
+ & "C:\Program Files\nodejs/node.exe" "C:\Users\A.s\AppData\Roaming\np ...
+ ~~~~~~~~~~~~~~~~~~~~~~~~~~~~~~~~~~~~~~~~~~~~~~~~~~~~~~~~~~~~~~~~~~~~~
    + CategoryInfo          : NotSpecified: (npm notice run fathom-clone@0.1.0 npx:String) [], RemoteException
    + FullyQualifiedErrorId : NativeCommandError
 
npm notice run next build
   Γû▓ Next.js 15.5.26

   Creating an optimized production build ...
 Γ£ô Compiled successfully in 15.7s
   Linting and checking validity of types ...
   Collecting page data ...
   Generating static pages (0/4) ...
   Generating static pages (1/4) 
   Generating static pages (2/4) 
   Generating static pages (3/4) 
 Γ£ô Generating static pages (4/4)
   Finalizing page optimization ...
   Collecting build traces ...

Route (app)                                 Size  First Load JS
Γöî Γùï /                                    5.55 kB         133 kB
Γö£ Γùï /_not-found                            995 B         104 kB
Γö£ ╞Æ /clip/[id]                           4.27 kB         111 kB
Γöö ╞Æ /meetings/[id]                       13.6 kB         141 kB
+ First Load JS shared by all             103 kB
  Γö£ chunks/255-2dbbf79f36f0dfa2.js       46.4 kB
  Γö£ chunks/4bd1b696-c023c6e3521b1417.js  54.2 kB
  Γöö other shared chunks (total)          1.99 kB


Γùï  (Static)   prerendered as static content
╞Æ  (Dynamic)  server-rendered on demand

